
> bdd-test-generator@1.2.4 build
> webpack --config webpack.config.js

assets by status 174 KiB [1m[32m[cached][39m[22m 3 assets
orphan modules 113 KiB [1m[33m[orphan][39m[22m 7 modules
runtime modules 670 bytes 3 modules
cacheable modules 288 KiB
  modules by path [1m./src/*.js[39m[22m 146 KiB
    [1m./src/content.js + 4 modules[39m[22m 114 KiB [1m[33m[built][39m[22m [1m[33m[code generated][39m[22m
    [1m./src/background.js + 1 modules[39m[22m 15.9 KiB [1m[33m[built][39m[22m [1m[33m[code generated][39m[22m
    [1m./src/options.js + 1 modules[39m[22m 16.5 KiB [1m[33m[built][39m[22m [1m[33m[code generated][39m[22m
  modules by path [1m./src/components/*.js[39m[22m 62.9 KiB
    [1m./src/components/panel.js[39m[22m 39 bytes [1m[33m[built][39m[22m [1m[33m[code generated][39m[22m [1m[31m[1 error][39m[22m
    [1m./src/components/modals.js + 1 modules[39m[22m 62.8 KiB [1m[33m[built][39m[22m [1m[33m[code generated][39m[22m
  [1m./src/state/store.js + 1 modules[39m[22m 32.7 KiB [1m[33m[built][39m[22m [1m[33m[code generated][39m[22m
  [1m./src/utils/dom.js[39m[22m 37.9 KiB [1m[33m[built][39m[22m [1m[33m[code generated][39m[22m
  [1m./utils.js[39m[22m 8.29 KiB [1m[33m[built][39m[22m [1m[33m[code generated][39m[22m

[1m[31mERROR[39m[22m in [1m./src/components/panel.js[39m[22m
Module build failed (from ./node_modules/babel-loader/lib/index.js):
SyntaxError: C:\Matheus\Pessoal\extensao_bdd_testes\src\components\panel.js: Identifier 'renderStepEditor' has already been declared. (8:9)

[0m [90m  6 |[39m [36mimport[39m { renderToolbar[33m,[39m attachToolbarListeners } [36mfrom[39m [32m'./toolbar.js'[39m[33m;[39m
 [90m  7 |[39m [36mimport[39m { renderStepEditor[33m,[39m clearStepEditor } [36mfrom[39m [32m'./step-editor.js'[39m[33m;[39m
[31m[1m>[22m[39m[90m  8 |[39m [36mimport[39m { renderStepEditor[33m,[39m clearStepEditor } [36mfrom[39m [32m'./step-editor.js'[39m[33m;[39m
 [90m    |[39m          [31m[1m^[22m[39m
 [90m  9 |[39m [36mimport[39m { renderReplayProgress[33m,[39m attachReplayProgressListeners } [36mfrom[39m [32m'./replay-progress.js'[39m[33m;[39m
 [90m 10 |[39m [36mimport[39m { showPreExportValidation } [36mfrom[39m [32m'../export/pre-export-validator.js'[39m[33m;[39m
 [90m 11 |[39m[0m
    at constructor (C:\Matheus\Pessoal\extensao_bdd_testes\node_modules\@babel\parser\lib\index.js:363:19)
    at Parser.raise (C:\Matheus\Pessoal\extensao_bdd_testes\node_modules\@babel\parser\lib\index.js:6609:19)
    at ScopeHandler.checkRedeclarationInScope (C:\Matheus\Pessoal\extensao_bdd_testes\node_modules\@babel\parser\lib\index.js:1626:19)
    at ScopeHandler.declareName (C:\Matheus\Pessoal\extensao_bdd_testes\node_modules\@babel\parser\lib\index.js:1592:12)
    at Parser.declareNameFromIdentifier (C:\Matheus\Pessoal\extensao_bdd_testes\node_modules\@babel\parser\lib\index.js:7538:16)
    at Parser.checkIdentifier (C:\Matheus\Pessoal\extensao_bdd_testes\node_modules\@babel\parser\lib\index.js:7534:12)
    at Parser.checkLVal (C:\Matheus\Pessoal\extensao_bdd_testes\node_modules\@babel\parser\lib\index.js:7475:12)
    at Parser.finishImportSpecifier (C:\Matheus\Pessoal\extensao_bdd_testes\node_modules\@babel\parser\lib\index.js:14155:10)
    at Parser.parseImportSpecifier (C:\Matheus\Pessoal\extensao_bdd_testes\node_modules\@babel\parser\lib\index.js:14312:17)
    at Parser.parseNamedImportSpecifiers (C:\Matheus\Pessoal\extensao_bdd_testes\node_modules\@babel\parser\lib\index.js:14291:36)
    at Parser.parseImportSpecifiersAndAfter (C:\Matheus\Pessoal\extensao_bdd_testes\node_modules\@babel\parser\lib\index.js:14131:37)
    at Parser.parseImport (C:\Matheus\Pessoal\extensao_bdd_testes\node_modules\@babel\parser\lib\index.js:14124:17)
    at Parser.parseStatementContent (C:\Matheus\Pessoal\extensao_bdd_testes\node_modules\@babel\parser\lib\index.js:12768:27)
    at Parser.parseStatementLike (C:\Matheus\Pessoal\extensao_bdd_testes\node_modules\@babel\parser\lib\index.js:12658:17)
    at Parser.parseModuleItem (C:\Matheus\Pessoal\extensao_bdd_testes\node_modules\@babel\parser\lib\index.js:12635:17)
    at Parser.parseBlockOrModuleBlockBody (C:\Matheus\Pessoal\extensao_bdd_testes\node_modules\@babel\parser\lib\index.js:13208:36)
    at Parser.parseBlockBody (C:\Matheus\Pessoal\extensao_bdd_testes\node_modules\@babel\parser\lib\index.js:13201:10)
    at Parser.parseProgram (C:\Matheus\Pessoal\extensao_bdd_testes\node_modules\@babel\parser\lib\index.js:12525:10)
    at Parser.parseTopLevel (C:\Matheus\Pessoal\extensao_bdd_testes\node_modules\@babel\parser\lib\index.js:12515:25)
    at Parser.parse (C:\Matheus\Pessoal\extensao_bdd_testes\node_modules\@babel\parser\lib\index.js:14381:10)
    at parse (C:\Matheus\Pessoal\extensao_bdd_testes\node_modules\@babel\parser\lib\index.js:14415:38)
    at parser (C:\Matheus\Pessoal\extensao_bdd_testes\node_modules\@babel\core\lib\parser\index.js:41:34)
    at parser.next (<anonymous>)
    at normalizeFile (C:\Matheus\Pessoal\extensao_bdd_testes\node_modules\@babel\core\lib\transformation\normalize-file.js:64:37)
    at normalizeFile.next (<anonymous>)
    at run (C:\Matheus\Pessoal\extensao_bdd_testes\node_modules\@babel\core\lib\transformation\index.js:22:50)
    at run.next (<anonymous>)
    at transform (C:\Matheus\Pessoal\extensao_bdd_testes\node_modules\@babel\core\lib\transform.js:22:33)
    at transform.next (<anonymous>)
    at step (C:\Matheus\Pessoal\extensao_bdd_testes\node_modules\gensync\index.js:261:32)
    at C:\Matheus\Pessoal\extensao_bdd_testes\node_modules\gensync\index.js:273:13
    at async.call.result.err.err (C:\Matheus\Pessoal\extensao_bdd_testes\node_modules\gensync\index.js:223:11)
 @ ./src/content.js 7:0-92 52:18-29 58:12-30 60:14-32 89:18-36 122:16-34

webpack 5.99.9 compiled with [1m[31m1 error[39m[22m in 5563 ms
