
> build
> webpack --config webpack.config.js

assets by status 195 KiB [1m[32m[cached][39m[22m 4 assets
orphan modules 194 KiB [1m[33m[orphan][39m[22m 11 modules
runtime modules 6.7 KiB 9 modules
cacheable modules 310 KiB
  [1m./src/content.js + 7 modules[39m[22m 114 KiB [1m[33m[built][39m[22m [1m[33m[code generated][39m[22m
  [1m./src/state/store.js + 1 modules[39m[22m 17.7 KiB [1m[33m[built][39m[22m [1m[33m[code generated][39m[22m
  [1m./src/utils/dom.js[39m[22m 37.8 KiB [1m[33m[built][39m[22m [1m[33m[code generated][39m[22m
  [1m./src/components/modals.js + 1 modules[39m[22m 43.2 KiB [1m[33m[built][39m[22m [1m[33m[code generated][39m[22m
  [1m./utils.js[39m[22m 7.18 KiB [1m[33m[built][39m[22m [1m[33m[code generated][39m[22m
  [1m./src/export/export-bridge.js + 2 modules[39m[22m 90.8 KiB [1m[33m[built][39m[22m [1m[33m[code generated][39m[22m

[1m[31mERROR[39m[22m in [1m./src/content.js[39m[22m [1m[32m8:0-42[39m[22m
[1mModule [1m[31mnot found[39m[22m[1m: [1m[31mError[39m[22m[1m: Can't resolve './utils.js' in 'C:\Matheus\extensao_bdd_v1.2\src'[39m[22m
resolve './utils.js' in 'C:\Matheus\extensao_bdd_v1.2\src'
  using description file: C:\Matheus\extensao_bdd_v1.2\package.json (relative path: ./src)
    Field 'browser' doesn't contain a valid alias configuration
    using description file: C:\Matheus\extensao_bdd_v1.2\package.json (relative path: ./src/utils.js)
      no extension
        Field 'browser' doesn't contain a valid alias configuration
[1m[31m        C:\Matheus\extensao_bdd_v1.2\src\utils.js doesn't exist[39m[22m
      .js
        Field 'browser' doesn't contain a valid alias configuration
[1m[31m        C:\Matheus\extensao_bdd_v1.2\src\utils.js.js doesn't exist[39m[22m
      .json
        Field 'browser' doesn't contain a valid alias configuration
[1m[31m        C:\Matheus\extensao_bdd_v1.2\src\utils.js.json doesn't exist[39m[22m
      .wasm
        Field 'browser' doesn't contain a valid alias configuration
[1m[31m        C:\Matheus\extensao_bdd_v1.2\src\utils.js.wasm doesn't exist[39m[22m
      as directory
[1m[31m        C:\Matheus\extensao_bdd_v1.2\src\utils.js doesn't exist[39m[22m

webpack 5.99.9 compiled with [1m[31m1 error[39m[22m in 1818 ms
